// Jest Snapshot v1, https://goo.gl/fbAQLP

exports[`renders to match the snapshot 1`] = `
<div
  className="container"
>
  <figure>
    <blockquote>
      Mathematics is not about numbers, equations, computations, or algorithms: it is about understanding
    </blockquote>
    <figcaption>
       - William Paul Thurston
    </figcaption>
  </figure>
</div>
`;
